.gitignore	463	1779688741.694793
README.md	20	1779688741.696909
lab0/lab0.c	82	1779688741.696909
lab1/a.out	26000	1779709032.671953
lab1/lab1.c	1381	1779919261.465251
lab1/old.c	1290	1779919261.465251
lab1/pseudo	414	1779919261.465251
lab1/temp.c	1381	1779919261.465251
lab1/copied_lab/ans.c	39	1779919261.464251
lecture/02/02-forkexecwait/hello.c	79	1779919261.466867
lecture/02/02-isDigit/isDigit.c	601	1779919261.466867
lecture/02/02-review-c/pointer.c	278	1779919261.466867
lecture/02/02-sleep/sleep.c	190	1779919261.466867
lecture/02/02-sleepHello/sleep.c	262	1779919261.466867
lecture/2-process/bad-fork-pid	344	1779919261.466867
lecture/2-process/exec.c	275	1779919261.467479
lecture/2-process/fork-bomb.c	236	1779919261.467479
lecture/2-process/fork-exec.c	178	1779919261.467479
lecture/2-process/fork-pid	299	1779919261.467479
lecture/2-process/fork-sleep.c	243	1779919261.467479
lecture/2-process/fork-variable.c	142	1779919261.467479
lecture/2-process/waitpid.c	437	1779919758.297655
lab2/a.out	16176	1779818626.438448
lab2/isolated_resources.c	416	1779919261.466152
lab2/zombie	16224	1779919261.466251
lab2/zombie_process.c	292	1779919261.466251
lab2/copied/main.c	852	1779919261.465251
lab2/copied/test1	16104	1779919261.466152
lab2/copied/test2	16400	1779919261.466152
