.gitignore	463	1779688741.694793
README.md	20	1779688741.696909
lab0/lab0.c	82	1779688741.696909
lab1/pseudo	414	1779703206.734137
lab1/temp.c	1381	1779709030.912957
lab1/a.out	26000	1779709032.671953
lab1/old.c	1290	1779708779.175489
lab1/lab1.c	1381	1779709097.875815
lab1/copied_lab/ans.c	39	1779689065.726136
lecture/02/02-forkexecwait/hello.c	79	1779689065.726642
lecture/02/02-isDigit/isDigit.c	601	1779689065.726642
lecture/02/02-review-c/pointer.c	278	1779689065.726642
lecture/02/02-sleep/sleep.c	190	1779689065.727359
lecture/02/02-sleepHello/sleep.c	262	1779689065.727359
lecture/2-process/fork-sleep.c	243	1779746610.309304
lecture/2-process/fork-bomb.c	236	1779746785.423386
lecture/2-process/bad-fork-pid	344	1779747831.201777
lecture/2-process/fork-pid	299	1779748685.801206
lecture/2-process/fork-variable.c	142	1779748998.034435
lecture/2-process/fork-exec.c	178	1779750300.392874
lecture/2-process/exec.c	275	1779751867.002832
lab2/zombie_process.c	292	1779817752.930434
