.gitmodules	98	1783952111.432719
.gitignore	463	1783588770.386602
README.md	20	1783588770.388729
lab4/Makefile	33	1783952111.641824
lab4/lab4_in1	1649152	1783952111.656832
lab4/debug	18864	1783952111.642724
lab4/lab4.c	2270	1783952111.642724
lab4/copied/mix	19464	1783952111.642724
lab4/copied/lab4.c	1173	1783952111.642671
lab4/copied/mix.c	4036	1783952111.642724
lab4/copied/sub/lab4.c	2676	1783952111.642724
lab7/lab7.c	3350	1783955103.691974
lab7/a.out	16344	1783955107.211349
lecture/note/file/wednesday	3998	1783987610.991056
lecture/note/file/code/inode.c	563	1783982826.413418
lecture/note/file/code/a.out	16232	1783982830.069100
lecture/note/mem/m	1579	1783952111.682883
lecture/temp/sig-kill	16664	1783952111.682883
lecture/temp/sig-kill.c	1154	1783952111.682981
lecture/temp/sigaction.c	761	1783952111.682981
lecture/05-pthread/count-thread.c	558	1783952111.661503
lecture/05-pthread/count-thread	16200	1783952111.661365
lecture/05-pthread/pthread.c	663	1783952111.661503
lecture/05/llf	1646608	1783952111.677843
lecture/05/llg	18104	1783952111.677843
lecture/05/llf.c	1244	1783952111.677843
lecture/05/normal	1646608	1783952111.681845
lecture/05/ll.c	1252	1783952111.668838
lecture/05/dl.c	1326	1783952111.668838
lecture/05/dl	1506528	1783952111.668838
lecture/03/wed	206	1783952111.661365
lecture/03/parent_child_sigint.c	0	1783952111.661112
lecture/03/signal	1438	1783952111.661365
lecture/02/02-isDigit/isDigit.c	601	1783952111.661112
lecture/02/02-sleepHello/sleep.c	262	1783952111.661112
lecture/02/02-forkexecwait/hello.c	79	1783952111.661112
lecture/02/02-review-c/pointer.c	278	1783952111.661112
lecture/02/02-sleep/sleep.c	190	1783952111.661112
lecture/2-process/fork-variable.c	142	1783952111.682493
lecture/2-process/exec.c	275	1783952111.682493
lecture/2-process/fork-sleep.c	243	1783952111.682493
lecture/2-process/fork-exec.c	178	1783952111.682493
lecture/2-process/waitpid.c	683	1783952111.682493
lecture/2-process/fork-exec	16192	1783952111.682493
lecture/2-process/fork-bomb.c	236	1783952111.682493
lecture/2-process/error-fork-bomb.c	489	1783952111.682493
lecture/2-process/fork-pid	299	1783952111.682493
lecture/2-process/bad-fork-pid	344	1783952111.681845
lecture/2-process/function-pointer.c	412	1783952111.682493
lecture/4/wed	4831	1783952111.682793
lecture/4/\	4094	1783952111.682493
lab0/lab0.c	82	1783588770.388729
10-network/friday	7903	1784154678.229320
lab5/lab5	1662264	1783952111.657832
lab5/lab5.c	6667	1783952111.657832
lab6/example_2.c	3594	1783952111.660390
lab6/example_1.c	2681	1783952111.660390
lab6/CMakeLists.txt	244	1783952111.657832
lab6/lab6.c	4094	1783952111.660390
lab2/zombie	16224	1783952111.632820
lab2/isolated_resources.c	416	1783952111.631819
lab2/zombie_process.c	292	1783952111.632820
lab2/copied/main.c	1133	1783952111.620613
lab2/copied/test1	16104	1783952111.620710
lab2/copied/test2	16400	1783952111.620710
lab2/copied/test5Checkerror	1650712	1783952111.630819
lab2/copied/test3	16400	1783952111.620710
lab2/copied/test6Checkerror	1648744	1783952111.631819
lab2/copied/test4	16408	1783952111.620710
lab2/copied/test/main.c	1139	1783952111.620684
lab2/copied/test/test1	16408	1783952111.620710
lab2/copied/test/test2	16408	1783952111.620710
lab1/old.c	1290	1783952111.620462
lab1/temp.c	1381	1783952111.620462
lab1/pseudo	414	1783952111.620462
lab1/lab1.c	1381	1783952111.620462
lab1/copied_lab/ans.c	39	1783952111.620462
lab3/copied/lab3.c	2291	1783952111.633437
lab3/copied/lab3_fsa	1649240	1783952111.641824
lab8/CMakeLists.txt	1697	1784059946.483642
lab8/include/uthash.h	73917	1784050905.430984
lab8/include/log.h	1410	1784059033.288417
lab8/src/log.c	3918	1784059019.715925
lab8/src/lab8.c	6724	1784060698.661176
9-files/happy_hard_sym	0	1783983238.635197
9-files/happy_hard	0	1783983238.635197
9-files/happy_hard_sym2	0	1783983238.635197
9-files/happy_hard2	18	1783982926.357303
9-files/inode_stat.c	0	1783982741.781524
