.gitignore	463	1782381590.400601
README.md	20	1782381590.401601
lab4/Makefile	33	1782381625.541826
lab4/lab4_in1	1649152	1782381625.551826
lab4/debug	18864	1782381625.542938
lab4/lab4.c	2270	1782381625.542938
lab4/copied/mix	19464	1782381625.542938
lab4/copied/lab4.c	1173	1782381625.542893
lab4/copied/mix.c	4036	1782381625.542938
lab4/copied/sub/lab4.c	2676	1782381625.542938
lecture/note/mem/m	1579	1782381625.567387
lecture/temp/sig-kill	16664	1782381625.567387
lecture/temp/sig-kill.c	1154	1782381625.567590
lecture/temp/sigaction.c	761	1782381625.567590
lecture/05-pthread/count-thread.c	558	1782381625.554158
lecture/05-pthread/count-thread	16200	1782381625.554040
lecture/05-pthread/pthread.c	663	1782381625.554158
lecture/05/llf	1646608	1782381625.561826
lecture/05/llg	18104	1782381625.562826
lecture/05/llf.c	1244	1782381625.562826
lecture/05/normal	1646608	1782381625.565826
lecture/05/ll.c	1252	1782381625.554158
lecture/05/dl.c	1326	1782773662.739349
lecture/05/dl	1506528	1782773695.961522
lecture/03/wed	206	1782381625.554040
lecture/03/parent_child_sigint.c	0	1782381625.553846
lecture/03/signal	1438	1782381625.554040
lecture/02/02-isDigit/isDigit.c	601	1782381625.553846
lecture/02/02-sleepHello/sleep.c	262	1782381625.553846
lecture/02/02-forkexecwait/hello.c	79	1782381625.553846
lecture/02/02-review-c/pointer.c	278	1782381625.553846
lecture/02/02-sleep/sleep.c	190	1782381625.553846
lecture/2-process/fork-variable.c	142	1782381625.566853
lecture/2-process/exec.c	275	1782381625.566853
lecture/2-process/fork-sleep.c	243	1782381625.566853
lecture/2-process/fork-exec.c	178	1782383037.115443
lecture/2-process/waitpid.c	683	1782381625.566853
lecture/2-process/fork-exec	16192	1782383047.822002
lecture/2-process/fork-bomb.c	236	1782381625.566853
lecture/2-process/error-fork-bomb.c	489	1782381625.566853
lecture/2-process/fork-pid	299	1782381625.566853
lecture/2-process/bad-fork-pid	344	1782381625.565826
lecture/2-process/function-pointer.c	412	1782381625.566853
lecture/4/wed	4831	1782381625.567282
lecture/4/\	4094	1782381625.566853
lab0/lab0.c	82	1782381590.401601
lab5/lab5	1662264	1782381625.552826
lab5/lab5.c	6667	1782381625.552826
lab2/zombie	16224	1782381625.535826
lab2/isolated_resources.c	416	1782381625.535826
lab2/zombie_process.c	292	1782381625.535826
lab2/copied/main.c	1133	1782381625.526779
lab2/copied/test1	16104	1782381625.526823
lab2/copied/test2	16400	1782381625.526823
lab2/copied/test5Checkerror	1650712	1782381625.534826
lab2/copied/test3	16400	1782381625.526823
lab2/copied/test6Checkerror	1648744	1782381625.535826
lab2/copied/test4	16408	1782381625.526823
lab2/copied/test/main.c	1139	1782467557.923098
lab2/copied/test/test1	16408	1782467054.097846
lab2/copied/test/test2	16408	1782467560.222413
lab1/old.c	1290	1782381625.526661
lab1/temp.c	1381	1782381625.526661
lab1/pseudo	414	1782381625.526661
lab1/lab1.c	1381	1782381625.526661
lab1/copied_lab/ans.c	39	1782381625.526661
lab3/copied/lab3.c	2291	1782381625.536818
lab3/copied/lab3_fsa	1649240	1782381625.541826
lab6base/example_2.c	2155	1783319267.504055
lab6base/example_1.c	2218	1783319267.504055
lab6base/CMakeLists.txt	216	1783319267.504055
