README.md	20	1781417478.780054
.gitignore	463	1781417478.780054
lab1/pseudo	414	1781417582.859756
lab1/temp.c	1381	1781417582.859756
lab1/old.c	1290	1781417582.859756
lab1/lab1.c	1381	1781417582.859756
lab1/copied_lab/ans.c	39	1781417582.859756
lab4/debug	18864	1781435955.626415
lab4/lab4_in1	1649152	1781417582.879757
lab4/Makefile	33	1781435953.238280
lab4/lab4.c	2270	1781434220.124126
lab4/copied/lab4.c	1173	1781417582.871757
lab0/lab0.c	82	1781417478.780054
lecture/temp/sigaction.c	761	1781417582.887757
lecture/temp/sig-kill.c	1154	1781417582.887757
lecture/temp/sig-kill	16664	1781417582.887757
lecture/05/normal	1646608	1781417582.887757
lecture/05/llf.c	1244	1781417582.883757
lecture/05/llg	18104	1781417582.883757
lecture/05/ll.c	1252	1781417582.879757
lecture/05/llf	1646608	1781417582.883757
lecture/03/signal	1438	1781417582.879757
lecture/03/parent_child_sigint.c	0	1781417582.879757
lecture/03/wed	206	1781417582.879757
lecture/note/mem/m	1579	1781417582.887757
lecture/2-process/bad-fork-pid	344	1781417582.887757
lecture/2-process/fork-pid	299	1781417582.887757
lecture/2-process/function-pointer.c	412	1781417582.887757
lecture/2-process/fork-sleep.c	243	1781417582.887757
lecture/2-process/fork-exec.c	178	1781417582.887757
lecture/2-process/error-fork-bomb.c	489	1781417582.887757
lecture/2-process/fork-variable.c	142	1781417582.887757
lecture/2-process/exec.c	275	1781417582.887757
lecture/2-process/fork-bomb.c	236	1781417582.887757
lecture/2-process/waitpid.c	683	1781417582.887757
lecture/4/\	4094	1781417582.887757
lecture/4/wed	4831	1781417582.887757
lecture/02/02-forkexecwait/hello.c	79	1781417582.879757
lecture/02/02-sleep/sleep.c	190	1781417582.879757
lecture/02/02-isDigit/isDigit.c	601	1781417582.879757
lecture/02/02-sleepHello/sleep.c	262	1781417582.879757
lecture/02/02-review-c/pointer.c	278	1781417582.879757
lab3/copied/lab3.c	2291	1781417582.867756
lab3/copied/lab3_fsa	1649240	1781417582.871757
lab2/zombie_process.c	292	1781417582.867756
lab2/isolated_resources.c	416	1781417582.867756
lab2/zombie	16224	1781417582.867756
lab2/copied/test6Checkerror	1648744	1781417582.867756
lab2/copied/test5Checkerror	1650712	1781417582.867756
lab2/copied/test3	16400	1781417582.859756
lab2/copied/test4	16408	1781417582.859756
lab2/copied/main.c	1133	1781417582.859756
lab2/copied/test2	16400	1781417582.859756
lab2/copied/test1	16104	1781417582.859756
