.gitignore	463	1779688741.694793
README.md	20	1779688741.696909
lab0/lab0.c	82	1779688741.696909
lab1/a.out	26000	1779709032.671953
lab1/lab1.c	1381	1779919261.465251
lab1/old.c	1290	1779919261.465251
lab1/pseudo	414	1779919261.465251
lab1/temp.c	1381	1779919261.465251
lab1/copied_lab/ans.c	39	1779919261.464251
lecture/03/wed	206	1779921510.835314
lecture/03/signal	1438	1779923716.151823
lecture/03/parent_child_sigint.c	0	1780522908.304159
lecture/02/02-forkexecwait/hello.c	79	1779919261.466867
lecture/02/02-isDigit/isDigit.c	601	1779919261.466867
lecture/02/02-review-c/pointer.c	278	1779919261.466867
lecture/02/02-sleep/sleep.c	190	1779919261.466867
lecture/02/02-sleepHello/sleep.c	262	1779919261.466867
lecture/2-process/bad-fork-pid	344	1779919261.466867
lecture/2-process/exec.c	275	1779919261.467479
lecture/2-process/fork-bomb.c	236	1779919261.467479
lecture/2-process/fork-exec.c	178	1779919261.467479
lecture/2-process/fork-pid	299	1779919261.467479
lecture/2-process/fork-sleep.c	243	1779919261.467479
lecture/2-process/fork-variable.c	142	1779919261.467479
lecture/2-process/waitpid.c	683	1779920383.729201
lecture/2-process/function-pointer.c	412	1779922680.791007
lecture/2-process/error-fork-bomb.c	489	1779923398.548573
lecture/2-process/a.out	16232	1779923410.516029
lecture/temp/sigaction.c	761	1780354236.538940
lecture/temp/a.out	16664	1780354769.926442
lecture/temp/sig-kill	16664	1780354867.291611
lecture/temp/sig-kill.c	1154	1780355826.334487
lecture/4/\	4094	1780527348.994165
lecture/4/wed	4831	1780528126.698136
lecture/note/mem/m	1579	1780960402.209387
lecture/05/ll.c	1252	1780957914.199337
lecture/05/normal	1646608	1780957915.919338
lecture/05/llf.c	1244	1780959820.591349
lecture/05/llf	1646608	1780959856.386371
lecture/05/llg	18104	1780960153.631552
lab2/a.out	16176	1779818626.438448
lab2/isolated_resources.c	416	1779919261.466152
lab2/zombie	16224	1779919261.466251
lab2/zombie_process.c	292	1779919261.466251
lab2/copied/test1	16104	1779919261.466152
lab2/copied/test2	16400	1779919261.466152
lab2/copied/test3	16400	1780307540.670314
lab2/copied/test4	16408	1780307650.678291
lab2/copied/main.c	1133	1780307707.917557
lab2/copied/test5Checkerror	1650712	1780367774.518492
lab2/copied/test6Checkerror	1648744	1780367825.258424
lab3/copied/a.out	16640	1780426941.125136
lab3/copied/lab3_fsa	1649240	1780427104.737142
lab3/copied/test1.out	1652320	1780828874.920836
lab3/copied/lab3.c	2291	1780828922.116981
lab4/lab4_in1	1649152	1781039407.258463
lab4/Makefile	33	1781508878.193473
lab4/debug	18864	1781508878.194473
lab4/lab4.c	2270	1781509237.713811
lab4/copied/lab4.c	1173	1781030101.460360
lab4/copied/mix.c	4036	1781511155.408074
lab4/copied/mix	19464	1781511158.840554
lab4/copied/sub/lab4.c	2676	1781511368.367778
lab5/lab5.c	1614	1781633464.435375
