.gitignore	463	1782167917.767890
README.md	20	1782167917.770483
lab4/Makefile	33	1782168208.577860
lab4/lab4_in1	1649152	1782168208.594860
lab4/debug	18864	1782168208.579320
lab4/lab4.c	2270	1782168208.579320
lab4/copied/mix	19464	1782168208.579320
lab4/copied/lab4.c	1173	1782168208.579237
lab4/copied/mix.c	4036	1782168208.579320
lab4/copied/sub/lab4.c	2676	1782168208.579320
lecture/note/mem/m	1579	1782168208.621052
lecture/temp/sig-kill	16664	1782168208.621052
lecture/temp/sig-kill.c	1154	1782168208.621348
lecture/temp/sigaction.c	761	1782168208.621348
lecture/05-pthread/count-thread.c	558	1782168208.597278
lecture/05-pthread/count-thread	16200	1782168208.596988
lecture/05-pthread/pthread.c	663	1782168208.597278
lecture/05/llf	1646608	1782168208.612861
lecture/05/llg	18104	1782168208.612861
lecture/05/llf.c	1244	1782168208.612861
lecture/05/normal	1646608	1782168208.618861
lecture/05/ll.c	1252	1782168208.597278
lecture/03/wed	206	1782168208.596988
lecture/03/parent_child_sigint.c	0	1782168208.596507
lecture/03/signal	1438	1782168208.596988
lecture/02/02-isDigit/isDigit.c	601	1782168208.596507
lecture/02/02-sleepHello/sleep.c	262	1782168208.596507
lecture/02/02-forkexecwait/hello.c	79	1782168208.596507
lecture/02/02-review-c/pointer.c	278	1782168208.596507
lecture/02/02-sleep/sleep.c	190	1782168208.596507
lecture/2-process/fork-variable.c	142	1782168208.620386
lecture/2-process/exec.c	275	1782168208.620386
lecture/2-process/fork-sleep.c	243	1782168208.620386
lecture/2-process/fork-exec.c	178	1782168208.620386
lecture/2-process/waitpid.c	683	1782168208.620386
lecture/2-process/fork-bomb.c	236	1782168208.620386
lecture/2-process/error-fork-bomb.c	489	1782168208.620386
lecture/2-process/fork-pid	299	1782168208.620386
lecture/2-process/bad-fork-pid	344	1782168208.618861
lecture/2-process/function-pointer.c	412	1782168208.620386
lecture/4/wed	4831	1782168208.620903
lecture/4/\	4094	1782168208.620386
lab0/lab0.c	82	1782167917.770483
lab5/lab5	1662264	1782195210.058066
lab5/lab5.c	6597	1782195202.370014
lab2/zombie	16224	1782168208.560859
lab2/isolated_resources.c	416	1782168208.560859
lab2/zombie_process.c	292	1782168208.560859
lab2/copied/main.c	1133	1782168208.540218
lab2/copied/test1	16104	1782168208.540318
lab2/copied/test2	16400	1782168208.540318
lab2/copied/test5Checkerror	1650712	1782168208.558860
lab2/copied/test3	16400	1782168208.540318
lab2/copied/test6Checkerror	1648744	1782168208.560859
lab2/copied/test4	16408	1782168208.540318
lab1/old.c	1290	1782168208.539940
lab1/temp.c	1381	1782168208.539940
lab1/pseudo	414	1782168208.539940
lab1/lab1.c	1381	1782168208.539940
lab1/copied_lab/ans.c	39	1782168208.539940
lab3/copied/lab3.c	2291	1782168208.561860
lab3/copied/lab3_fsa	1649240	1782168208.577860
