USER         PID %CPU %MEM    VSZ   RSS TTY      STAT START   TIME COMMAND
cmpt201        1  0.0  0.0  18920 10612 pts/0    Ss   Jun25   0:01 zsh --login
cmpt201      170  0.0  0.0  18464  9708 pts/2    Ss   Jun25   0:00 zsh --login
cmpt201    32552  0.0  0.0   2904  2056 pts/2    S+   01:55   0:00 /home/cmpt201/.local/bin/record
cmpt201    32553  0.0  0.1 109312 23568 pts/2    Sl+  01:55   0:00 /home/cmpt201/.local/bin/record
cmpt201    32558  0.0  0.1 108604 23636 pts/2    Sl+  01:55   0:00 /usr/bin/python3 /usr/bin/asciinema rec --idle-time-limit=60 --stdin --quiet /tmp/.record/input.2.2026-06-26T01:55:58.309316
cmpt201    32560  0.0  0.0  34840 15828 pts/2    S+   01:55   0:00 /usr/bin/python3 /usr/bin/asciinema rec --idle-time-limit=60 --stdin --quiet /tmp/.record/input.2.2026-06-26T01:55:58.309316
cmpt201    32561  0.0  0.1  35248 16832 pts/2    S+   01:55   0:00 /usr/bin/python3 /usr/bin/asciinema rec --idle-time-limit=60 --stdin --quiet /tmp/.record/input.2.2026-06-26T01:55:58.309316
cmpt201    32562  0.0  0.0   2808  1880 pts/1    Ss   01:55   0:00 sh -c /usr/bin/zsh
cmpt201    32563  0.0  0.0  19964 11112 pts/1    S    01:55   0:02 /usr/bin/zsh
cmpt201    32687  0.0  0.0   2904  2160 pts/0    S+   01:56   0:00 /home/cmpt201/.local/bin/record
cmpt201    32688  0.0  0.1 109312 23452 pts/0    Sl+  01:56   0:00 /home/cmpt201/.local/bin/record
cmpt201    32693  0.0  0.1 108604 23660 pts/0    Sl+  01:56   0:01 /usr/bin/python3 /usr/bin/asciinema rec --idle-time-limit=60 --stdin --quiet /tmp/.record/input.0.2026-06-26T01:56:00.941006
cmpt201    32695  0.0  0.0  34840 15916 pts/0    S+   01:56   0:00 /usr/bin/python3 /usr/bin/asciinema rec --idle-time-limit=60 --stdin --quiet /tmp/.record/input.0.2026-06-26T01:56:00.941006
cmpt201    32696  0.0  0.1  35256 16940 pts/0    S+   01:56   0:00 /usr/bin/python3 /usr/bin/asciinema rec --idle-time-limit=60 --stdin --quiet /tmp/.record/input.0.2026-06-26T01:56:00.941006
cmpt201    32697  0.0  0.0   2808  1792 pts/3    Ss   01:56   0:00 sh -c /usr/bin/zsh
cmpt201    32698  0.0  0.0  18540  9972 pts/3    S    01:56   0:00 /usr/bin/zsh
cmpt201    33132  0.0  0.0  18620  9992 pts/4    Ss   01:57   0:01 zsh --login
cmpt201    42973  0.0  0.0   2904  2128 pts/4    S+   02:52   0:00 /home/cmpt201/.local/bin/record
cmpt201    42974  0.0  0.1 109632 23828 pts/4    S+   02:52   0:00 /home/cmpt201/.local/bin/record
cmpt201    44509  0.0  0.1 1279024 24372 pts/1   Sl+  02:57   0:00 glow -p include/msgs.h
cmpt201    44519  0.0  0.0   8680  2788 pts/1    S+   02:57   0:00 less
cmpt201    44724  0.0  0.1 1279280 24372 pts/3   Sl+  02:58   0:00 glow -p src/localErr.c
cmpt201    44735  0.0  0.0   8680  2728 pts/3    S+   02:58   0:00 less
cmpt201    44812  0.0  0.0  13488  4584 pts/4    R+   02:58   0:00 ps aux
