USER         PID %CPU %MEM    VSZ   RSS TTY      STAT START   TIME COMMAND
cmpt201        1  0.0  0.0  14828  8268 pts/0    Ss+  10:37   0:00 zsh --login
cmpt201     2537  0.0  0.0   9352  2792 ?        Ssl  10:56   0:00 /home/cmpt201/.local/share/nvim/cord/bin/cord -p /tmp/cord-ipc -c 1219918880005165137 -t 300000 -r 0 -i
cmpt201     2764  0.0  0.0  18380  9504 pts/1    Ss   10:57   0:00 zsh --login
cmpt201     2848  0.0  0.0  18384  9528 pts/2    Ss   10:57   0:00 zsh --login
cmpt201     3006  0.0  0.0   2904  2168 pts/2    S+   10:57   0:00 /home/cmpt201/.local/bin/record
cmpt201     3007  0.0  0.1 109312 23576 pts/2    Sl+  10:57   0:00 /home/cmpt201/.local/bin/record
cmpt201     3012  0.0  0.1 108604 23284 pts/2    Sl+  10:57   0:01 /usr/bin/python3 /usr/bin/asciinema rec --idle-time-limit=60 --stdin --quiet /tmp/.record/input.2.2026-07-14T10:57:54.008589
cmpt201     3014  0.0  0.0  34840 15968 pts/2    S+   10:57   0:00 /usr/bin/python3 /usr/bin/asciinema rec --idle-time-limit=60 --stdin --quiet /tmp/.record/input.2.2026-07-14T10:57:54.008589
cmpt201     3015  0.0  0.1  34984 16720 pts/2    S+   10:57   0:00 /usr/bin/python3 /usr/bin/asciinema rec --idle-time-limit=60 --stdin --quiet /tmp/.record/input.2.2026-07-14T10:57:54.008589
cmpt201     3016  0.0  0.0   2808  1920 pts/3    Ss   10:57   0:00 sh -c /usr/bin/zsh
cmpt201     3017  0.5  0.0  18588  9736 pts/3    S    10:57   0:06 /usr/bin/zsh
cmpt201     3282  0.0  0.0   2904  2160 pts/1    S+   10:58   0:00 /home/cmpt201/.local/bin/record
cmpt201     3283  0.0  0.1 109312 23360 pts/1    Sl+  10:58   0:00 /home/cmpt201/.local/bin/record
cmpt201     3288  0.0  0.1 108604 23340 pts/1    Sl+  10:58   0:00 /usr/bin/python3 /usr/bin/asciinema rec --idle-time-limit=60 --stdin --quiet /tmp/.record/input.1.2026-07-14T10:58:05.065009
cmpt201     3290  0.0  0.0  34840 15956 pts/1    S+   10:58   0:00 /usr/bin/python3 /usr/bin/asciinema rec --idle-time-limit=60 --stdin --quiet /tmp/.record/input.1.2026-07-14T10:58:05.065009
cmpt201     3291  0.0  0.1  35272 16936 pts/1    S+   10:58   0:00 /usr/bin/python3 /usr/bin/asciinema rec --idle-time-limit=60 --stdin --quiet /tmp/.record/input.1.2026-07-14T10:58:05.065009
cmpt201     3292  0.0  0.0   2808  1824 pts/4    Ss   10:58   0:00 sh -c /usr/bin/zsh
cmpt201     3293  0.0  0.0  15096  8644 pts/4    S    10:58   0:00 /usr/bin/zsh
cmpt201     3416  0.0  0.0  17216  8644 pts/4    S+   10:58   0:00 /usr/bin/nvim src/lab8.c
cmpt201     3419  0.6  0.1  61816 22148 ?        Ssl  10:58   0:07 /usr/bin/nvim --embed src/lab8.c
cmpt201     6014  0.0  0.0  10484  3472 pts/3    S+   11:14   0:00 man pthread_mutex_destroy
cmpt201     6025  0.0  0.0   8680  2736 pts/3    S+   11:14   0:00 less
cmpt201     6044  2.7  0.0  18384  9448 pts/5    Ss   11:15   0:00 zsh --login
cmpt201     6192 50.0  0.0   2904  2156 pts/5    S+   11:16   0:00 /home/cmpt201/.local/bin/record
cmpt201     6193 89.4  0.1 109296 23368 pts/5    S+   11:16   0:00 /home/cmpt201/.local/bin/record
cmpt201     6196  0.0  0.0  13488  4588 pts/5    R+   11:16   0:00 ps aux
