USER         PID %CPU %MEM    VSZ   RSS TTY      STAT START   TIME COMMAND
cmpt201        1  0.0  0.0  19352 11492 pts/0    Ss   Jun24   0:07 zsh --login
cmpt201       84  0.0  0.0  19416 11684 pts/1    Ss   Jun24   0:04 zsh --login
cmpt201      266  0.0  0.0  20128 11736 pts/2    Ss   Jun24   0:04 zsh --login
cmpt201    17611  0.0  0.0   8680  2688 pts/1    T    Jun24   0:00 less
cmpt201    50032  0.0  0.0   8680  2744 pts/2    T    00:45   0:00 less ../02-tools/a5-Silver-Crystal/logging/logging.c
cmpt201    50344  0.0  0.0  22024 13672 pts/2    T    00:50   0:00 lynx https://github.com/rxi/log.c
cmpt201    50345  0.0  0.0      0     0 pts/2    Z    00:50   0:00 [lynx] <defunct>
cmpt201    64634  0.0  0.0   2904  2124 pts/0    S+   02:54   0:00 /home/cmpt201/.local/bin/record
cmpt201    64635  0.0  0.1 109312 23228 pts/0    Sl+  02:54   0:00 /home/cmpt201/.local/bin/record
cmpt201    64640  0.0  0.1 108604 24996 pts/0    Sl+  02:54   0:00 /usr/bin/python3 /usr/bin/asciinema rec --idle-time-limit=60 --stdin --quiet /tmp/.record/input.0.2026-06-25T02:54:08.690205
cmpt201    64642  0.0  0.1  34840 17828 pts/0    S+   02:54   0:00 /usr/bin/python3 /usr/bin/asciinema rec --idle-time-limit=60 --stdin --quiet /tmp/.record/input.0.2026-06-25T02:54:08.690205
cmpt201    64643  0.0  0.1  35256 18836 pts/0    S+   02:54   0:00 /usr/bin/python3 /usr/bin/asciinema rec --idle-time-limit=60 --stdin --quiet /tmp/.record/input.0.2026-06-25T02:54:08.690205
cmpt201    64644  0.0  0.0   2808  1948 pts/3    Ss   02:54   0:00 sh -c /usr/bin/zsh
cmpt201    64645  0.0  0.0  18592 10044 pts/3    S    02:54   0:00 /usr/bin/zsh
cmpt201    66187  0.0  0.0  17340  8832 pts/3    S+   03:02   0:00 /usr/bin/nvim include/buildStruct.h
cmpt201    66190  0.3  0.1  30280 23168 ?        Ss   03:02   0:05 /usr/bin/nvim --embed include/buildStruct.h
cmpt201    68012  0.0  0.0   2904  2152 pts/2    S+   03:20   0:00 /home/cmpt201/.local/bin/record
cmpt201    68013  0.0  0.1 109632 23872 pts/2    S+   03:20   0:00 /home/cmpt201/.local/bin/record
cmpt201    70322  0.0  0.0   2904  2104 pts/1    S+   03:29   0:00 /home/cmpt201/.local/bin/record
cmpt201    70323  0.0  0.1 109312 23384 pts/1    Sl+  03:29   0:00 /home/cmpt201/.local/bin/record
cmpt201    70328  0.1  0.1 108604 24692 pts/1    Sl+  03:29   0:00 /usr/bin/python3 /usr/bin/asciinema rec --idle-time-limit=60 --stdin --quiet /tmp/.record/input.1.2026-06-25T03:29:19.644889
cmpt201    70330  0.0  0.1  34840 17848 pts/1    S+   03:29   0:00 /usr/bin/python3 /usr/bin/asciinema rec --idle-time-limit=60 --stdin --quiet /tmp/.record/input.1.2026-06-25T03:29:19.644889
cmpt201    70331  0.0  0.1  34852 18460 pts/1    S+   03:29   0:00 /usr/bin/python3 /usr/bin/asciinema rec --idle-time-limit=60 --stdin --quiet /tmp/.record/input.1.2026-06-25T03:29:19.644889
cmpt201    70332  0.0  0.0   2808  1844 pts/4    Ss   03:29   0:00 sh -c /usr/bin/zsh
cmpt201    70333  0.3  0.0  18560  9820 pts/4    S    03:29   0:00 /usr/bin/zsh
cmpt201    70718  0.0  0.0   8680  2704 pts/4    S+   03:29   0:00 less lab1/lab1.c
cmpt201    70798  0.0  0.0  13488  4616 pts/2    R+   03:31   0:00 ps aux
