USER         PID %CPU %MEM    VSZ   RSS TTY      STAT START   TIME COMMAND
cmpt201        1  0.0  0.0  14840  7828 pts/0    Ss+  14:58   0:00 zsh --login
cmpt201       84  0.0  0.0  18396  9024 pts/1    Ss   14:59   0:00 zsh --login
cmpt201      345  0.0  0.0   2904  2092 pts/1    S+   14:59   0:00 /home/cmpt201/.local/bin/record
cmpt201      346  0.0  0.1 109312 24196 pts/1    Sl+  14:59   0:01 /home/cmpt201/.local/bin/record
cmpt201      351  0.2  0.1 108604 24628 pts/1    Sl+  14:59   0:12 /usr/bin/python3 /usr/bin/asciinema rec --idle-time-limit=60 --stdin --quiet /tmp/.record/input.1.2026-07-22T14:59:22.904319
cmpt201      353  0.0  0.0  34840 15668 pts/1    S+   14:59   0:00 /usr/bin/python3 /usr/bin/asciinema rec --idle-time-limit=60 --stdin --quiet /tmp/.record/input.1.2026-07-22T14:59:22.904319
cmpt201      354  0.1  0.1  35388 18768 pts/1    S+   14:59   0:06 /usr/bin/python3 /usr/bin/asciinema rec --idle-time-limit=60 --stdin --quiet /tmp/.record/input.1.2026-07-22T14:59:22.904319
cmpt201      355  0.0  0.0   2808  1824 pts/2    Ss   14:59   0:00 sh -c /usr/bin/zsh
cmpt201      356  0.0  0.0  18512  9680 pts/2    S    14:59   0:01 /usr/bin/zsh
cmpt201      922  0.0  0.0  18388  8968 pts/3    Ss   15:06   0:00 zsh --login
cmpt201     1084  0.0  0.0   2904  2136 pts/3    S+   15:06   0:00 /home/cmpt201/.local/bin/record
cmpt201     1085  0.0  0.1 109788 23884 pts/3    S+   15:06   0:01 /home/cmpt201/.local/bin/record
cmpt201     1993  0.0  0.0  18396  9436 pts/5    Ss   15:31   0:00 zsh --login
cmpt201     2232  0.0  0.0   2904  2164 pts/5    S+   15:31   0:00 /home/cmpt201/.local/bin/record
cmpt201     2233  0.0  0.1 109296 23660 pts/5    S+   15:31   0:00 /home/cmpt201/.local/bin/record
cmpt201     2238  0.0  0.1 108604 24376 pts/5    Sl+  15:31   0:00 /usr/bin/python3 /usr/bin/asciinema rec --idle-time-limit=60 --stdin --quiet /tmp/.record/input.5.2026-07-22T15:31:51.214111
cmpt201     2240  0.0  0.1  34840 17904 pts/5    S+   15:31   0:00 /usr/bin/python3 /usr/bin/asciinema rec --idle-time-limit=60 --stdin --quiet /tmp/.record/input.5.2026-07-22T15:31:51.214111
cmpt201     2241  0.0  0.1  34852 18472 pts/5    S+   15:31   0:00 /usr/bin/python3 /usr/bin/asciinema rec --idle-time-limit=60 --stdin --quiet /tmp/.record/input.5.2026-07-22T15:31:51.214111
cmpt201     2242  0.0  0.0   2808  1920 pts/6    Ss   15:31   0:00 sh -c /usr/bin/zsh
cmpt201     2243  0.0  0.0  15120  8556 pts/6    S    15:31   0:00 /usr/bin/zsh
cmpt201     2374  0.0  0.0  10484  3496 pts/6    S+   15:31   0:00 man pipe
cmpt201     2384  0.0  0.0   8680  2724 pts/6    S+   15:31   0:00 less
cmpt201     3021  0.0  0.0  17216  8692 pts/2    S+   15:33   0:01 /usr/bin/nvim note/wednesday
cmpt201     3024  1.5  0.1  66740 27264 ?        Ssl  15:33   1:01 /usr/bin/nvim --embed note/wednesday
cmpt201     6538  0.0  0.0  13488  4472 pts/3    R+   16:38   0:00 ps aux
